2026-03-08 01:22:26,929:INFO: Check up feature_size: 100
2026-03-08 01:22:26,929:INFO: ####################################################################################################
2026-03-08 01:22:26,929:INFO: Loading the dataset from ../devign_dataset/devign_cpg_c2_2/
2026-03-08 01:23:08,823:INFO: train_dataset: 1455; valid_dataset: 183; test_dataset: 189
2026-03-08 01:23:08,823:INFO: train_batch: 23, valid_batch: 3, test_batch: 3
2026-03-08 01:23:08,823:INFO: ####################################################################################################
2026-03-08 01:23:08,823:INFO: Check up model_type: devign
2026-03-08 01:23:08,828:INFO: Total Parameters : 916463
2026-03-08 01:23:08,828:INFO: ####################################################################################################
2026-03-08 01:23:09,333:INFO: Start training!
2026-03-08 01:23:28,608:INFO: ----------------------------------------------------------------------------------------------------
2026-03-08 01:23:28,608:INFO: Epoch 1	---Train--- Average Loss:     0.6962	 Patience 0	 Loss:     0.6950	Accuracy: 51.0653	Precision: 48.7500	Recall: 79.8246	f1: 60.532	
2026-03-08 01:23:28,908:INFO: Epoch 1	----Valid---- Loss: 0.6902	Accuracy: 51.9126	Precision: 51.1111	Recall: 75.8242	F1: 61.0619
2026-03-08 01:23:29,433:INFO: Epoch 1	----Test---- Loss: 0.6996	Accuracy: 41.2698	Precision: 38.5621	Recall: 77.6316	F1: 51.5284
2026-03-08 01:23:33,391:INFO: ----------------------------------------------------------------------------------------------------
2026-03-08 01:23:33,391:INFO: Epoch 2	---Train--- Average Loss:     0.6930	 Patience 0	 Loss:     0.6909	Accuracy: 55.3952	Precision: 52.5622	Recall: 52.4854	f1: 52.524	
2026-03-08 01:23:33,511:INFO: Epoch 2	----Valid---- Loss: 0.6921	Accuracy: 46.9945	Precision: 46.2500	Recall: 40.6593	F1: 43.2749
2026-03-08 01:23:33,634:INFO: Epoch 2	----Test---- Loss: 0.6908	Accuracy: 52.9101	Precision: 42.6966	Recall: 50.0000	F1: 46.0606
2026-03-08 01:23:36,985:INFO: ----------------------------------------------------------------------------------------------------
2026-03-08 01:23:36,985:INFO: Epoch 3	---Train--- Average Loss:     0.6884	 Patience 1	 Loss:     0.6846	Accuracy: 56.7698	Precision: 53.8248	Recall: 56.5789	f1: 55.167	
2026-03-08 01:23:37,106:INFO: Epoch 3	----Valid---- Loss: 0.6917	Accuracy: 48.0874	Precision: 47.8723	Recall: 49.4505	F1: 48.6486
2026-03-08 01:23:37,232:INFO: Epoch 3	----Test---- Loss: 0.6889	Accuracy: 53.9683	Precision: 44.4444	Recall: 57.8947	F1: 50.2857
2026-03-08 01:23:40,335:INFO: ----------------------------------------------------------------------------------------------------
2026-03-08 01:23:40,335:INFO: Epoch 4	---Train--- Average Loss:     0.6858	 Patience 2	 Loss:     0.6774	Accuracy: 57.1134	Precision: 53.2967	Recall: 70.9064	f1: 60.853	
2026-03-08 01:23:40,459:INFO: Epoch 4	----Valid---- Loss: 0.6897	Accuracy: 52.4590	Precision: 51.7241	Recall: 65.9341	F1: 57.9710
2026-03-08 01:23:40,582:INFO: Epoch 4	----Test---- Loss: 0.6886	Accuracy: 52.9101	Precision: 44.7154	Recall: 72.3684	F1: 55.2764
2026-03-08 01:23:43,711:INFO: ----------------------------------------------------------------------------------------------------
2026-03-08 01:23:43,712:INFO: Epoch 5	---Train--- Average Loss:     0.6800	 Patience 3	 Loss:     0.6735	Accuracy: 58.4192	Precision: 55.1232	Recall: 62.1345	f1: 58.419	
2026-03-08 01:23:43,835:INFO: Epoch 5	----Valid---- Loss: 0.6879	Accuracy: 53.5519	Precision: 53.0612	Recall: 57.1429	F1: 55.0265
2026-03-08 01:23:43,960:INFO: Epoch 5	----Test---- Loss: 0.6900	Accuracy: 55.5556	Precision: 46.2963	Recall: 65.7895	F1: 54.3478
2026-03-08 01:23:46,533:INFO: ----------------------------------------------------------------------------------------------------
2026-03-08 01:23:46,533:INFO: Epoch 6	---Train--- Average Loss:     0.6780	 Patience 4	 Loss:     0.6672	Accuracy: 61.0997	Precision: 57.0574	Recall: 69.7368	f1: 62.763	
2026-03-08 01:23:46,653:INFO: Epoch 6	----Valid---- Loss: 0.6874	Accuracy: 57.3770	Precision: 55.9633	Recall: 67.0330	F1: 61.0000
2026-03-08 01:23:46,777:INFO: Epoch 6	----Test---- Loss: 0.6865	Accuracy: 56.0847	Precision: 46.6019	Recall: 63.1579	F1: 53.6313
2026-03-08 01:23:49,469:INFO: ----------------------------------------------------------------------------------------------------
2026-03-08 01:23:49,469:INFO: Epoch 7	---Train--- Average Loss:     0.6714	 Patience 5	 Loss:     0.6625	Accuracy: 61.1684	Precision: 58.2296	Recall: 61.5497	f1: 59.844	
2026-03-08 01:23:49,590:INFO: Epoch 7	----Valid---- Loss: 0.6856	Accuracy: 55.7377	Precision: 55.4348	Recall: 56.0440	F1: 55.7377
2026-03-08 01:23:49,716:INFO: Epoch 7	----Test---- Loss: 0.6896	Accuracy: 56.6138	Precision: 47.0588	Recall: 63.1579	F1: 53.9326
2026-03-08 01:23:52,103:INFO: ----------------------------------------------------------------------------------------------------
2026-03-08 01:23:52,103:INFO: Epoch 8	---Train--- Average Loss:     0.6651	 Patience 6	 Loss:     0.6559	Accuracy: 61.6495	Precision: 56.6596	Recall: 78.3626	f1: 65.767	
2026-03-08 01:23:52,223:INFO: Epoch 8	----Valid---- Loss: 0.6877	Accuracy: 55.1913	Precision: 53.7815	Recall: 70.3297	F1: 60.9524
2026-03-08 01:23:52,347:INFO: Epoch 8	----Test---- Loss: 0.6924	Accuracy: 55.0265	Precision: 46.4000	Recall: 76.3158	F1: 57.7114
2026-03-08 01:23:54,965:INFO: ----------------------------------------------------------------------------------------------------
2026-03-08 01:23:54,965:INFO: Epoch 9	---Train--- Average Loss:     0.6603	 Patience 7	 Loss:     0.6488	Accuracy: 65.4296	Precision: 63.4473	Recall: 62.4269	f1: 62.933	
2026-03-08 01:23:55,088:INFO: Epoch 9	----Valid---- Loss: 0.6894	Accuracy: 56.8306	Precision: 57.1429	Recall: 52.7473	F1: 54.8571
2026-03-08 01:23:55,213:INFO: Epoch 9	----Test---- Loss: 0.6801	Accuracy: 59.7884	Precision: 50.0000	Recall: 57.8947	F1: 53.6585
2026-03-08 01:23:57,532:INFO: ----------------------------------------------------------------------------------------------------
2026-03-08 01:23:57,533:INFO: Epoch 10	---Train--- Average Loss:     0.6572	 Patience 8	 Loss:     0.6406	Accuracy: 66.1168	Precision: 60.8400	Recall: 78.3626	f1: 68.498	
2026-03-08 01:23:57,655:INFO: Epoch 10	----Valid---- Loss: 0.6878	Accuracy: 57.9235	Precision: 56.3636	Recall: 68.1319	F1: 61.6915
2026-03-08 01:23:57,781:INFO: Epoch 10	----Test---- Loss: 0.6865	Accuracy: 55.5556	Precision: 46.6102	Recall: 72.3684	F1: 56.7010
2026-03-08 01:23:59,930:INFO: ----------------------------------------------------------------------------------------------------
2026-03-08 01:23:59,930:INFO: Epoch 11	---Train--- Average Loss:     0.6489	 Patience 0	 Loss:     0.6342	Accuracy: 65.7045	Precision: 67.4858	Recall: 52.1930	f1: 58.862	
2026-03-08 01:24:00,054:INFO: Epoch 11	----Valid---- Loss: 0.6913	Accuracy: 56.8306	Precision: 59.0909	Recall: 42.8571	F1: 49.6815
2026-03-08 01:24:00,182:INFO: Epoch 11	----Test---- Loss: 0.6803	Accuracy: 60.8466	Precision: 51.2821	Recall: 52.6316	F1: 51.9481
2026-03-08 01:24:02,459:INFO: ----------------------------------------------------------------------------------------------------
2026-03-08 01:24:02,459:INFO: Epoch 12	---Train--- Average Loss:     0.6450	 Patience 1	 Loss:     0.6234	Accuracy: 67.2852	Precision: 61.3290	Recall: 82.3099	f1: 70.287	
2026-03-08 01:24:02,580:INFO: Epoch 12	----Valid---- Loss: 0.6867	Accuracy: 58.4699	Precision: 56.7568	Recall: 69.2308	F1: 62.3762
2026-03-08 01:24:02,706:INFO: Epoch 12	----Test---- Loss: 0.6924	Accuracy: 53.9683	Precision: 45.6693	Recall: 76.3158	F1: 57.1429
2026-03-08 01:24:05,448:INFO: ----------------------------------------------------------------------------------------------------
2026-03-08 01:24:05,448:INFO: Epoch 13	---Train--- Average Loss:     0.6326	 Patience 0	 Loss:     0.6151	Accuracy: 69.4845	Precision: 64.5278	Recall: 77.9240	f1: 70.596	
2026-03-08 01:24:05,568:INFO: Epoch 13	----Valid---- Loss: 0.6899	Accuracy: 55.1913	Precision: 54.3689	Recall: 61.5385	F1: 57.7320
2026-03-08 01:24:05,692:INFO: Epoch 13	----Test---- Loss: 0.6945	Accuracy: 52.9101	Precision: 44.4444	Recall: 68.4211	F1: 53.8860
2026-03-08 01:24:07,865:INFO: ----------------------------------------------------------------------------------------------------
2026-03-08 01:24:07,865:INFO: Epoch 14	---Train--- Average Loss:     0.6243	 Patience 1	 Loss:     0.6029	Accuracy: 70.9966	Precision: 68.9855	Recall: 69.5906	f1: 69.287	
2026-03-08 01:24:07,987:INFO: Epoch 14	----Valid---- Loss: 0.6867	Accuracy: 58.4699	Precision: 58.6207	Recall: 56.0440	F1: 57.3034
2026-03-08 01:24:08,112:INFO: Epoch 14	----Test---- Loss: 0.6839	Accuracy: 58.2011	Precision: 48.4848	Recall: 63.1579	F1: 54.8571
2026-03-08 01:24:10,665:INFO: ----------------------------------------------------------------------------------------------------
2026-03-08 01:24:10,665:INFO: Epoch 15	---Train--- Average Loss:     0.6182	 Patience 2	 Loss:     0.5908	Accuracy: 72.3024	Precision: 71.4504	Recall: 68.4211	f1: 69.903	
2026-03-08 01:24:10,785:INFO: Epoch 15	----Valid---- Loss: 0.6964	Accuracy: 56.8306	Precision: 57.8947	Recall: 48.3516	F1: 52.6946
2026-03-08 01:24:10,910:INFO: Epoch 15	----Test---- Loss: 0.6895	Accuracy: 55.5556	Precision: 45.9184	Recall: 59.2105	F1: 51.7241
2026-03-08 01:24:13,363:INFO: ----------------------------------------------------------------------------------------------------
2026-03-08 01:24:13,363:INFO: Epoch 16	---Train--- Average Loss:     0.6085	 Patience 3	 Loss:     0.5812	Accuracy: 74.8454	Precision: 71.9008	Recall: 76.3158	f1: 74.043	
2026-03-08 01:24:13,485:INFO: Epoch 16	----Valid---- Loss: 0.7058	Accuracy: 51.3661	Precision: 51.1364	Recall: 49.4505	F1: 50.2793
2026-03-08 01:24:13,611:INFO: Epoch 16	----Test---- Loss: 0.6876	Accuracy: 59.7884	Precision: 50.0000	Recall: 68.4211	F1: 57.7778
2026-03-08 01:24:16,204:INFO: ----------------------------------------------------------------------------------------------------
2026-03-08 01:24:16,204:INFO: Epoch 17	---Train--- Average Loss:     0.5912	 Patience 4	 Loss:     0.5670	Accuracy: 75.1203	Precision: 67.8492	Recall: 89.4737	f1: 77.175	
2026-03-08 01:24:16,325:INFO: Epoch 17	----Valid---- Loss: 0.7040	Accuracy: 53.5519	Precision: 52.5862	Recall: 67.0330	F1: 58.9372
2026-03-08 01:24:16,452:INFO: Epoch 17	----Test---- Loss: 0.7142	Accuracy: 53.4392	Precision: 45.4545	Recall: 78.9474	F1: 57.6923
2026-03-08 01:24:18,653:INFO: ----------------------------------------------------------------------------------------------------
2026-03-08 01:24:18,653:INFO: Epoch 18	---Train--- Average Loss:     0.5869	 Patience 5	 Loss:     0.5548	Accuracy: 77.4570	Precision: 71.8673	Recall: 85.5263	f1: 78.104	
2026-03-08 01:24:18,778:INFO: Epoch 18	----Valid---- Loss: 0.7044	Accuracy: 54.6448	Precision: 53.8462	Recall: 61.5385	F1: 57.4359
2026-03-08 01:24:18,906:INFO: Epoch 18	----Test---- Loss: 0.6973	Accuracy: 56.6138	Precision: 47.5410	Recall: 76.3158	F1: 58.5859
2026-03-08 01:24:21,044:INFO: ----------------------------------------------------------------------------------------------------
2026-03-08 01:24:21,045:INFO: Epoch 19	---Train--- Average Loss:     0.5789	 Patience 6	 Loss:     0.5465	Accuracy: 78.1443	Precision: 77.6435	Recall: 75.1462	f1: 76.374	
2026-03-08 01:24:21,167:INFO: Epoch 19	----Valid---- Loss: 0.7231	Accuracy: 51.3661	Precision: 51.3158	Recall: 42.8571	F1: 46.7066
2026-03-08 01:24:21,292:INFO: Epoch 19	----Test---- Loss: 0.6916	Accuracy: 57.1429	Precision: 47.1264	Recall: 53.9474	F1: 50.3067
2026-03-08 01:24:23,544:INFO: ----------------------------------------------------------------------------------------------------
2026-03-08 01:24:23,544:INFO: Epoch 20	---Train--- Average Loss:     0.5627	 Patience 7	 Loss:     0.5363	Accuracy: 78.9003	Precision: 71.5922	Recall: 91.3743	f1: 80.283	
2026-03-08 01:24:23,666:INFO: Epoch 20	----Valid---- Loss: 0.7201	Accuracy: 51.3661	Precision: 50.8772	Recall: 63.7363	F1: 56.5854
2026-03-08 01:24:23,793:INFO: Epoch 20	----Test---- Loss: 0.7196	Accuracy: 52.3810	Precision: 44.6970	Recall: 77.6316	F1: 56.7308
2026-03-08 01:24:26,183:INFO: ----------------------------------------------------------------------------------------------------
2026-03-08 01:24:26,183:INFO: Epoch 21	---Train--- Average Loss:     0.5497	 Patience 8	 Loss:     0.5185	Accuracy: 79.8625	Precision: 73.2461	Recall: 90.0585	f1: 80.787	
2026-03-08 01:24:26,305:INFO: Epoch 21	----Valid---- Loss: 0.7256	Accuracy: 52.4590	Precision: 51.8868	Recall: 60.4396	F1: 55.8376
2026-03-08 01:24:26,431:INFO: Epoch 21	----Test---- Loss: 0.7212	Accuracy: 52.9101	Precision: 44.8819	Recall: 75.0000	F1: 56.1576
2026-03-08 01:24:28,850:INFO: ----------------------------------------------------------------------------------------------------
2026-03-08 01:24:28,850:INFO: Epoch 22	---Train--- Average Loss:     0.5440	 Patience 9	 Loss:     0.5286	Accuracy: 77.4570	Precision: 69.0578	Recall: 94.2982	f1: 79.728	
2026-03-08 01:24:28,971:INFO: Epoch 22	----Valid---- Loss: 0.7174	Accuracy: 53.0055	Precision: 52.1008	Recall: 68.1319	F1: 59.0476
2026-03-08 01:24:29,095:INFO: Epoch 22	----Test---- Loss: 0.7497	Accuracy: 47.6190	Precision: 42.1769	Recall: 81.5789	F1: 55.6054
2026-03-08 01:24:31,797:INFO: ----------------------------------------------------------------------------------------------------
2026-03-08 01:24:31,797:INFO: Epoch 23	---Train--- Average Loss:     0.5432	 Patience 10	 Loss:     0.5075	Accuracy: 80.1375	Precision: 71.1683	Recall: 97.0760	f1: 82.127	
2026-03-08 01:24:31,965:INFO: Epoch 23	----Valid---- Loss: 0.7155	Accuracy: 53.0055	Precision: 51.9685	Recall: 72.5275	F1: 60.5505
2026-03-08 01:24:32,090:INFO: Epoch 23	----Test---- Loss: 0.7510	Accuracy: 47.6190	Precision: 41.9580	Recall: 78.9474	F1: 54.7945
2026-03-08 01:24:34,205:INFO: ----------------------------------------------------------------------------------------------------
2026-03-08 01:24:34,205:INFO: Epoch 24	---Train--- Average Loss:     0.5235	 Patience 11	 Loss:     0.5009	Accuracy: 81.8557	Precision: 86.4583	Recall: 72.8070	f1: 79.048	
2026-03-08 01:24:34,337:INFO: Epoch 24	----Valid---- Loss: 0.7344	Accuracy: 52.4590	Precision: 53.2258	Recall: 36.2637	F1: 43.1373
2026-03-08 01:24:34,463:INFO: Epoch 24	----Test---- Loss: 0.7131	Accuracy: 59.2593	Precision: 49.3506	Recall: 50.0000	F1: 49.6732
2026-03-08 01:24:36,709:INFO: ----------------------------------------------------------------------------------------------------
2026-03-08 01:24:36,709:INFO: Epoch 25	---Train--- Average Loss:     0.5190	 Patience 12	 Loss:     0.4784	Accuracy: 84.5361	Precision: 86.4865	Recall: 79.5322	f1: 82.864	
2026-03-08 01:24:36,839:INFO: Epoch 25	----Valid---- Loss: 0.7343	Accuracy: 54.0984	Precision: 54.7945	Recall: 43.9560	F1: 48.7805
2026-03-08 01:24:36,965:INFO: Epoch 25	----Test---- Loss: 0.7266	Accuracy: 54.4974	Precision: 44.5652	Recall: 53.9474	F1: 48.8095
2026-03-08 01:24:39,187:INFO: ----------------------------------------------------------------------------------------------------
2026-03-08 01:24:39,187:INFO: Epoch 26	---Train--- Average Loss:     0.5114	 Patience 13	 Loss:     0.4641	Accuracy: 86.2543	Precision: 80.2500	Recall: 93.8596	f1: 86.523	
2026-03-08 01:24:39,308:INFO: Epoch 26	----Valid---- Loss: 0.7363	Accuracy: 51.9126	Precision: 51.4851	Recall: 57.1429	F1: 54.1667
2026-03-08 01:24:39,434:INFO: Epoch 26	----Test---- Loss: 0.7521	Accuracy: 50.2646	Precision: 42.6230	Recall: 68.4211	F1: 52.5253
2026-03-08 01:24:41,687:INFO: ----------------------------------------------------------------------------------------------------
2026-03-08 01:24:41,687:INFO: Epoch 27	---Train--- Average Loss:     0.5021	 Patience 14	 Loss:     0.4661	Accuracy: 85.4296	Precision: 81.9783	Recall: 88.4503	f1: 85.091	
2026-03-08 01:24:41,807:INFO: Epoch 27	----Valid---- Loss: 0.7301	Accuracy: 52.4590	Precision: 52.1739	Recall: 52.7473	F1: 52.4590
2026-03-08 01:24:41,932:INFO: Epoch 27	----Test---- Loss: 0.7506	Accuracy: 49.7354	Precision: 41.2844	Recall: 59.2105	F1: 48.6486
2026-03-08 01:24:44,022:INFO: ----------------------------------------------------------------------------------------------------
2026-03-08 01:24:44,022:INFO: Epoch 28	---Train--- Average Loss:     0.4880	 Patience 15	 Loss:     0.4432	Accuracy: 87.9725	Precision: 83.4428	Recall: 92.8363	f1: 87.889	
2026-03-08 01:24:44,144:INFO: Epoch 28	----Valid---- Loss: 0.7433	Accuracy: 51.9126	Precision: 51.5789	Recall: 53.8462	F1: 52.6882
2026-03-08 01:24:44,269:INFO: Epoch 28	----Test---- Loss: 0.7581	Accuracy: 48.6772	Precision: 41.0256	Recall: 63.1579	F1: 49.7409
2026-03-08 01:24:46,382:INFO: ----------------------------------------------------------------------------------------------------
2026-03-08 01:24:46,382:INFO: Epoch 29	---Train--- Average Loss:     0.4804	 Patience 16	 Loss:     0.4344	Accuracy: 88.8660	Precision: 84.9866	Recall: 92.6901	f1: 88.671	
2026-03-08 01:24:46,503:INFO: Epoch 29	----Valid---- Loss: 0.7363	Accuracy: 51.3661	Precision: 51.0870	Recall: 51.6484	F1: 51.3661
2026-03-08 01:24:46,629:INFO: Epoch 29	----Test---- Loss: 0.7490	Accuracy: 50.2646	Precision: 41.5094	Recall: 57.8947	F1: 48.3516
2026-03-08 01:24:49,057:INFO: ----------------------------------------------------------------------------------------------------
2026-03-08 01:24:49,058:INFO: Epoch 30	---Train--- Average Loss:     0.4699	 Patience 17	 Loss:     0.4336	Accuracy: 88.5223	Precision: 88.5246	Recall: 86.8421	f1: 87.675	
2026-03-08 01:24:49,179:INFO: Epoch 30	----Valid---- Loss: 0.7383	Accuracy: 53.5519	Precision: 53.8462	Recall: 46.1538	F1: 49.7041
2026-03-08 01:24:49,304:INFO: Epoch 30	----Test---- Loss: 0.7264	Accuracy: 58.2011	Precision: 48.2353	Recall: 53.9474	F1: 50.9317
2026-03-08 01:24:51,560:INFO: ----------------------------------------------------------------------------------------------------
2026-03-08 01:24:51,560:INFO: Epoch 31	---Train--- Average Loss:     0.4682	 Patience 18	 Loss:     0.4264	Accuracy: 88.7285	Precision: 83.2481	Recall: 95.1754	f1: 88.813	
2026-03-08 01:24:51,685:INFO: Epoch 31	----Valid---- Loss: 0.7119	Accuracy: 58.4699	Precision: 57.1429	Recall: 65.9341	F1: 61.2245
2026-03-08 01:24:51,810:INFO: Epoch 31	----Test---- Loss: 0.7650	Accuracy: 48.1481	Precision: 40.8333	Recall: 64.4737	F1: 50.0000
2026-03-08 01:24:53,915:INFO: ----------------------------------------------------------------------------------------------------
2026-03-08 01:24:53,915:INFO: Epoch 32	---Train--- Average Loss:     0.4591	 Patience 19	 Loss:     0.4137	Accuracy: 91.2027	Precision: 88.0822	Recall: 94.0058	f1: 90.948	
2026-03-08 01:24:54,038:INFO: Epoch 32	----Valid---- Loss: 0.7323	Accuracy: 52.4590	Precision: 52.2222	Recall: 51.6484	F1: 51.9337
2026-03-08 01:24:54,165:INFO: Epoch 32	----Test---- Loss: 0.7395	Accuracy: 53.4392	Precision: 44.5455	Recall: 64.4737	F1: 52.6882
2026-03-08 01:24:56,309:INFO: ----------------------------------------------------------------------------------------------------
2026-03-08 01:24:56,310:INFO: Epoch 33	---Train--- Average Loss:     0.4523	 Patience 20	 Loss:     0.4098	Accuracy: 91.0653	Precision: 86.9333	Recall: 95.3216	f1: 90.934	
2026-03-08 01:24:56,434:INFO: Epoch 33	----Valid---- Loss: 0.7193	Accuracy: 56.2842	Precision: 55.7895	Recall: 58.2418	F1: 56.9892
2026-03-08 01:24:56,560:INFO: Epoch 33	----Test---- Loss: 0.7376	Accuracy: 52.9101	Precision: 44.0367	Recall: 63.1579	F1: 51.8919
2026-03-08 01:24:58,985:INFO: ----------------------------------------------------------------------------------------------------
2026-03-08 01:24:58,986:INFO: Epoch 34	---Train--- Average Loss:     0.4451	 Patience 21	 Loss:     0.4029	Accuracy: 91.6151	Precision: 89.3557	Recall: 93.2749	f1: 91.273	
2026-03-08 01:24:59,109:INFO: Epoch 34	----Valid---- Loss: 0.7419	Accuracy: 51.3661	Precision: 51.1364	Recall: 49.4505	F1: 50.2793
2026-03-08 01:24:59,235:INFO: Epoch 34	----Test---- Loss: 0.7397	Accuracy: 55.0265	Precision: 45.9459	Recall: 67.1053	F1: 54.5455
2026-03-08 01:25:01,339:INFO: ----------------------------------------------------------------------------------------------------
2026-03-08 01:25:01,339:INFO: Epoch 35	---Train--- Average Loss:     0.4463	 Patience 22	 Loss:     0.3985	Accuracy: 91.9588	Precision: 88.9959	Recall: 94.5906	f1: 91.708	
2026-03-08 01:25:01,460:INFO: Epoch 35	----Valid---- Loss: 0.7519	Accuracy: 50.8197	Precision: 50.5747	Recall: 48.3516	F1: 49.4382
2026-03-08 01:25:01,583:INFO: Epoch 35	----Test---- Loss: 0.7470	Accuracy: 52.9101	Precision: 43.8095	Recall: 60.5263	F1: 50.8287
2026-03-08 01:25:03,764:INFO: ----------------------------------------------------------------------------------------------------
2026-03-08 01:25:03,764:INFO: Epoch 36	---Train--- Average Loss:     0.4319	 Patience 23	 Loss:     0.3955	Accuracy: 92.7835	Precision: 90.4895	Recall: 94.5906	f1: 92.495	
2026-03-08 01:25:03,885:INFO: Epoch 36	----Valid---- Loss: 0.7354	Accuracy: 53.5519	Precision: 53.4884	Recall: 50.5495	F1: 51.9774
2026-03-08 01:25:04,011:INFO: Epoch 36	----Test---- Loss: 0.7377	Accuracy: 55.0265	Precision: 45.7143	Recall: 63.1579	F1: 53.0387
2026-03-08 01:25:06,569:INFO: ----------------------------------------------------------------------------------------------------
2026-03-08 01:25:06,569:INFO: Epoch 37	---Train--- Average Loss:     0.4382	 Patience 24	 Loss:     0.3910	Accuracy: 93.1271	Precision: 91.9540	Recall: 93.5673	f1: 92.754	
2026-03-08 01:25:06,689:INFO: Epoch 37	----Valid---- Loss: 0.7420	Accuracy: 53.5519	Precision: 53.6585	Recall: 48.3516	F1: 50.8671
2026-03-08 01:25:06,813:INFO: Epoch 37	----Test---- Loss: 0.7242	Accuracy: 56.6138	Precision: 46.6667	Recall: 55.2632	F1: 50.6024
2026-03-08 01:25:08,977:INFO: ----------------------------------------------------------------------------------------------------
2026-03-08 01:25:08,977:INFO: Epoch 38	---Train--- Average Loss:     0.4232	 Patience 25	 Loss:     0.3888	Accuracy: 93.2646	Precision: 93.2153	Recall: 92.3977	f1: 92.805	
2026-03-08 01:25:09,102:INFO: Epoch 38	----Valid---- Loss: 0.7431	Accuracy: 52.4590	Precision: 52.5000	Recall: 46.1538	F1: 49.1228
2026-03-08 01:25:09,227:INFO: Epoch 38	----Test---- Loss: 0.7183	Accuracy: 57.1429	Precision: 47.2527	Recall: 56.5789	F1: 51.4970
2026-03-08 01:25:11,732:INFO: ----------------------------------------------------------------------------------------------------
2026-03-08 01:25:11,732:INFO: Epoch 39	---Train--- Average Loss:     0.4185	 Patience 26	 Loss:     0.3882	Accuracy: 93.4708	Precision: 92.6194	Recall: 93.5673	f1: 93.091	
2026-03-08 01:25:11,856:INFO: Epoch 39	----Valid---- Loss: 0.7373	Accuracy: 53.5519	Precision: 53.9474	Recall: 45.0549	F1: 49.1018
2026-03-08 01:25:11,980:INFO: Epoch 39	----Test---- Loss: 0.7144	Accuracy: 58.7302	Precision: 48.7805	Recall: 52.6316	F1: 50.6329
2026-03-08 01:25:14,104:INFO: ----------------------------------------------------------------------------------------------------
2026-03-08 01:25:14,104:INFO: Epoch 40	---Train--- Average Loss:     0.4205	 Patience 27	 Loss:     0.3774	Accuracy: 93.8832	Precision: 92.1986	Recall: 95.0292	f1: 93.593	
2026-03-08 01:25:14,229:INFO: Epoch 40	----Valid---- Loss: 0.7519	Accuracy: 51.9126	Precision: 51.8072	Recall: 47.2527	F1: 49.4253
2026-03-08 01:25:14,355:INFO: Epoch 40	----Test---- Loss: 0.7557	Accuracy: 51.8519	Precision: 42.7184	Recall: 57.8947	F1: 49.1620
2026-03-08 01:25:16,569:INFO: ----------------------------------------------------------------------------------------------------
2026-03-08 01:25:16,569:INFO: Epoch 41	---Train--- Average Loss:     0.4191	 Patience 28	 Loss:     0.3808	Accuracy: 93.6770	Precision: 89.2573	Recall: 98.3918	f1: 93.602	
2026-03-08 01:25:16,692:INFO: Epoch 41	----Valid---- Loss: 0.7367	Accuracy: 54.6448	Precision: 54.0000	Recall: 59.3407	F1: 56.5445
2026-03-08 01:25:16,817:INFO: Epoch 41	----Test---- Loss: 0.7678	Accuracy: 50.2646	Precision: 42.6230	Recall: 68.4211	F1: 52.5253
2026-03-08 01:25:19,076:INFO: ----------------------------------------------------------------------------------------------------
2026-03-08 01:25:19,076:INFO: Epoch 42	---Train--- Average Loss:     0.4209	 Patience 29	 Loss:     0.3703	Accuracy: 95.1203	Precision: 93.1083	Recall: 96.7836	f1: 94.910	
2026-03-08 01:25:19,198:INFO: Epoch 42	----Valid---- Loss: 0.7353	Accuracy: 53.5519	Precision: 53.7500	Recall: 47.2527	F1: 50.2924
2026-03-08 01:25:19,323:INFO: Epoch 42	----Test---- Loss: 0.7346	Accuracy: 55.0265	Precision: 45.4545	Recall: 59.2105	F1: 51.4286
2026-03-08 01:25:21,544:INFO: ----------------------------------------------------------------------------------------------------
2026-03-08 01:25:21,544:INFO: Epoch 43	---Train--- Average Loss:     0.4126	 Patience 30	 Loss:     0.3696	Accuracy: 94.8454	Precision: 91.3161	Recall: 98.3918	f1: 94.722	
2026-03-08 01:25:21,665:INFO: Epoch 43	----Valid---- Loss: 0.7578	Accuracy: 50.8197	Precision: 50.5051	Recall: 54.9451	F1: 52.6316
2026-03-08 01:25:21,788:INFO: Epoch 43	----Test---- Loss: 0.7733	Accuracy: 50.7937	Precision: 42.3423	Recall: 61.8421	F1: 50.2674
2026-03-08 01:25:23,938:INFO: ----------------------------------------------------------------------------------------------------
2026-03-08 01:25:23,938:INFO: Epoch 44	---Train--- Average Loss:     0.4167	 Patience 31	 Loss:     0.3745	Accuracy: 93.8832	Precision: 89.7196	Recall: 98.2456	f1: 93.789	
2026-03-08 01:25:24,062:INFO: Epoch 44	----Valid---- Loss: 0.7404	Accuracy: 55.1913	Precision: 54.3689	Recall: 61.5385	F1: 57.7320
2026-03-08 01:25:24,189:INFO: Epoch 44	----Test---- Loss: 0.7874	Accuracy: 47.6190	Precision: 40.0000	Recall: 60.5263	F1: 48.1675
2026-03-08 01:25:26,285:INFO: ----------------------------------------------------------------------------------------------------
2026-03-08 01:25:26,285:INFO: Epoch 45	---Train--- Average Loss:     0.4039	 Patience 32	 Loss:     0.3677	Accuracy: 95.0515	Precision: 91.6894	Recall: 98.3918	f1: 94.922	
2026-03-08 01:25:26,410:INFO: Epoch 45	----Valid---- Loss: 0.7562	Accuracy: 53.5519	Precision: 53.0000	Recall: 58.2418	F1: 55.4974
2026-03-08 01:25:26,536:INFO: Epoch 45	----Test---- Loss: 0.7717	Accuracy: 50.2646	Precision: 42.5000	Recall: 67.1053	F1: 52.0408
2026-03-08 01:25:28,641:INFO: ----------------------------------------------------------------------------------------------------
2026-03-08 01:25:28,641:INFO: Epoch 46	---Train--- Average Loss:     0.4093	 Patience 33	 Loss:     0.3653	Accuracy: 95.3952	Precision: 93.5120	Recall: 96.9298	f1: 95.190	
2026-03-08 01:25:28,762:INFO: Epoch 46	----Valid---- Loss: 0.7481	Accuracy: 53.0055	Precision: 53.2468	Recall: 45.0549	F1: 48.8095
2026-03-08 01:25:28,888:INFO: Epoch 46	----Test---- Loss: 0.7452	Accuracy: 52.9101	Precision: 43.2990	Recall: 55.2632	F1: 48.5549
2026-03-08 01:25:31,036:INFO: ----------------------------------------------------------------------------------------------------
2026-03-08 01:25:31,036:INFO: Epoch 47	---Train--- Average Loss:     0.4057	 Patience 34	 Loss:     0.3682	Accuracy: 95.1890	Precision: 94.6221	Recall: 95.1754	f1: 94.898	
2026-03-08 01:25:31,158:INFO: Epoch 47	----Valid---- Loss: 0.7603	Accuracy: 51.3661	Precision: 51.3514	Recall: 41.7582	F1: 46.0606
2026-03-08 01:25:31,282:INFO: Epoch 47	----Test---- Loss: 0.7274	Accuracy: 58.7302	Precision: 48.8372	Recall: 55.2632	F1: 51.8519
2026-03-08 01:25:33,493:INFO: ----------------------------------------------------------------------------------------------------
2026-03-08 01:25:33,493:INFO: Epoch 48	---Train--- Average Loss:     0.3906	 Patience 35	 Loss:     0.3675	Accuracy: 94.9141	Precision: 93.5714	Recall: 95.7602	f1: 94.653	
2026-03-08 01:25:33,613:INFO: Epoch 48	----Valid---- Loss: 0.7416	Accuracy: 53.5519	Precision: 54.1667	Recall: 42.8571	F1: 47.8528
2026-03-08 01:25:33,735:INFO: Epoch 48	----Test---- Loss: 0.7551	Accuracy: 53.4392	Precision: 43.0233	Recall: 48.6842	F1: 45.6790
2026-03-08 01:25:35,824:INFO: ----------------------------------------------------------------------------------------------------
2026-03-08 01:25:35,824:INFO: Epoch 49	---Train--- Average Loss:     0.3882	 Patience 36	 Loss:     0.3601	Accuracy: 95.8076	Precision: 94.8201	Recall: 96.3450	f1: 95.577	
2026-03-08 01:25:35,946:INFO: Epoch 49	----Valid---- Loss: 0.7589	Accuracy: 53.5519	Precision: 54.2857	Recall: 41.7582	F1: 47.2050
2026-03-08 01:25:36,072:INFO: Epoch 49	----Test---- Loss: 0.7647	Accuracy: 51.3228	Precision: 41.4894	Recall: 51.3158	F1: 45.8824
2026-03-08 01:25:38,179:INFO: ----------------------------------------------------------------------------------------------------
2026-03-08 01:25:38,179:INFO: Epoch 50	---Train--- Average Loss:     0.4001	 Patience 37	 Loss:     0.3561	Accuracy: 96.0137	Precision: 93.5933	Recall: 98.2456	f1: 95.863	
2026-03-08 01:25:38,303:INFO: Epoch 50	----Valid---- Loss: 0.7605	Accuracy: 50.8197	Precision: 50.5376	Recall: 51.6484	F1: 51.0870
2026-03-08 01:25:38,431:INFO: Epoch 50	----Test---- Loss: 0.7739	Accuracy: 49.7354	Precision: 41.2844	Recall: 59.2105	F1: 48.6486
2026-03-08 01:25:40,594:INFO: ----------------------------------------------------------------------------------------------------
2026-03-08 01:25:40,594:INFO: Epoch 51	---Train--- Average Loss:     0.3924	 Patience 38	 Loss:     0.3836	Accuracy: 93.4708	Precision: 95.6589	Recall: 90.2047	f1: 92.852	
2026-03-08 01:25:40,718:INFO: Epoch 51	----Valid---- Loss: 0.7592	Accuracy: 55.1913	Precision: 57.8947	Recall: 36.2637	F1: 44.5946
2026-03-08 01:25:40,844:INFO: Epoch 51	----Test---- Loss: 0.6913	Accuracy: 62.9630	Precision: 54.5455	Recall: 47.3684	F1: 50.7042
2026-03-08 01:25:43,059:INFO: ----------------------------------------------------------------------------------------------------
2026-03-08 01:25:43,060:INFO: Epoch 52	---Train--- Average Loss:     0.4115	 Patience 39	 Loss:     0.3632	Accuracy: 95.5326	Precision: 95.0509	Recall: 95.4678	f1: 95.259	
2026-03-08 01:25:43,179:INFO: Epoch 52	----Valid---- Loss: 0.7499	Accuracy: 55.1913	Precision: 56.5217	Recall: 42.8571	F1: 48.7500
2026-03-08 01:25:43,304:INFO: Epoch 52	----Test---- Loss: 0.6925	Accuracy: 60.8466	Precision: 51.2195	Recall: 55.2632	F1: 53.1646
2026-03-08 01:25:45,406:INFO: ----------------------------------------------------------------------------------------------------
2026-03-08 01:25:45,406:INFO: Epoch 53	---Train--- Average Loss:     0.3932	 Patience 40	 Loss:     0.3560	Accuracy: 95.8763	Precision: 93.3333	Recall: 98.2456	f1: 95.726	
2026-03-08 01:25:45,528:INFO: Epoch 53	----Valid---- Loss: 0.7369	Accuracy: 54.6448	Precision: 54.5455	Recall: 52.7473	F1: 53.6313
2026-03-08 01:25:45,654:INFO: Epoch 53	----Test---- Loss: 0.7489	Accuracy: 53.4392	Precision: 44.5455	Recall: 64.4737	F1: 52.6882
2026-03-08 01:25:47,922:INFO: ----------------------------------------------------------------------------------------------------
2026-03-08 01:25:47,922:INFO: Epoch 54	---Train--- Average Loss:     0.3857	 Patience 41	 Loss:     0.3512	Accuracy: 96.3574	Precision: 93.7587	Recall: 98.8304	f1: 96.228	
2026-03-08 01:25:48,042:INFO: Epoch 54	----Valid---- Loss: 0.7560	Accuracy: 50.8197	Precision: 50.5882	Recall: 47.2527	F1: 48.8636
2026-03-08 01:25:48,168:INFO: Epoch 54	----Test---- Loss: 0.7753	Accuracy: 51.8519	Precision: 42.5743	Recall: 56.5789	F1: 48.5876
2026-03-08 01:25:50,413:INFO: ----------------------------------------------------------------------------------------------------
2026-03-08 01:25:50,413:INFO: Epoch 55	---Train--- Average Loss:     0.3855	 Patience 42	 Loss:     0.3616	Accuracy: 95.6014	Precision: 95.1895	Recall: 95.4678	f1: 95.328	
2026-03-08 01:25:50,535:INFO: Epoch 55	----Valid---- Loss: 0.7516	Accuracy: 56.2842	Precision: 58.7302	Recall: 40.6593	F1: 48.0519
2026-03-08 01:25:50,661:INFO: Epoch 55	----Test---- Loss: 0.7337	Accuracy: 57.1429	Precision: 46.5753	Recall: 44.7368	F1: 45.6376
2026-03-08 01:25:52,766:INFO: ----------------------------------------------------------------------------------------------------
2026-03-08 01:25:52,766:INFO: Epoch 56	---Train--- Average Loss:     0.3894	 Patience 43	 Loss:     0.3528	Accuracy: 96.0825	Precision: 93.9691	Recall: 97.9532	f1: 95.920	
2026-03-08 01:25:52,889:INFO: Epoch 56	----Valid---- Loss: 0.7533	Accuracy: 53.0055	Precision: 53.0120	Recall: 48.3516	F1: 50.5747
2026-03-08 01:25:53,015:INFO: Epoch 56	----Test---- Loss: 0.7564	Accuracy: 52.3810	Precision: 42.8571	Recall: 55.2632	F1: 48.2759
2026-03-08 01:25:55,114:INFO: ----------------------------------------------------------------------------------------------------
2026-03-08 01:25:55,114:INFO: Epoch 57	---Train--- Average Loss:     0.3809	 Patience 44	 Loss:     0.3518	Accuracy: 96.4948	Precision: 94.8936	Recall: 97.8070	f1: 96.328	
2026-03-08 01:25:55,236:INFO: Epoch 57	----Valid---- Loss: 0.7732	Accuracy: 52.4590	Precision: 52.3256	Recall: 49.4505	F1: 50.8475
2026-03-08 01:25:55,362:INFO: Epoch 57	----Test---- Loss: 0.7409	Accuracy: 53.4392	Precision: 44.3396	Recall: 61.8421	F1: 51.6484
2026-03-08 01:25:57,867:INFO: ----------------------------------------------------------------------------------------------------
2026-03-08 01:25:57,867:INFO: Epoch 58	---Train--- Average Loss:     0.3775	 Patience 45	 Loss:     0.3538	Accuracy: 95.8763	Precision: 93.2133	Recall: 98.3918	f1: 95.733	
2026-03-08 01:25:57,992:INFO: Epoch 58	----Valid---- Loss: 0.7427	Accuracy: 55.1913	Precision: 55.1724	Recall: 52.7473	F1: 53.9326
2026-03-08 01:25:58,117:INFO: Epoch 58	----Test---- Loss: 0.7760	Accuracy: 51.3228	Precision: 42.3077	Recall: 57.8947	F1: 48.8889
2026-03-08 01:26:00,225:INFO: ----------------------------------------------------------------------------------------------------
2026-03-08 01:26:00,225:INFO: Epoch 59	---Train--- Average Loss:     0.3837	 Patience 46	 Loss:     0.3547	Accuracy: 95.8763	Precision: 93.3333	Recall: 98.2456	f1: 95.726	
2026-03-08 01:26:00,348:INFO: Epoch 59	----Valid---- Loss: 0.7560	Accuracy: 53.5519	Precision: 53.4884	Recall: 50.5495	F1: 51.9774
2026-03-08 01:26:00,475:INFO: Epoch 59	----Test---- Loss: 0.7655	Accuracy: 51.8519	Precision: 42.9907	Recall: 60.5263	F1: 50.2732
2026-03-08 01:26:02,805:INFO: ----------------------------------------------------------------------------------------------------
2026-03-08 01:26:02,806:INFO: Epoch 60	---Train--- Average Loss:     0.3888	 Patience 47	 Loss:     0.3470	Accuracy: 96.6323	Precision: 94.1586	Recall: 98.9766	f1: 96.507	
2026-03-08 01:26:02,930:INFO: Epoch 60	----Valid---- Loss: 0.7590	Accuracy: 51.9126	Precision: 51.7647	Recall: 48.3516	F1: 50.0000
2026-03-08 01:26:03,056:INFO: Epoch 60	----Test---- Loss: 0.7506	Accuracy: 53.9683	Precision: 44.5545	Recall: 59.2105	F1: 50.8475
2026-03-08 01:26:05,478:INFO: ----------------------------------------------------------------------------------------------------
2026-03-08 01:26:05,478:INFO: Epoch 61	---Train--- Average Loss:     0.3766	 Patience 48	 Loss:     0.3460	Accuracy: 96.9072	Precision: 94.9367	Recall: 98.6842	f1: 96.774	
2026-03-08 01:26:05,599:INFO: Epoch 61	----Valid---- Loss: 0.7625	Accuracy: 53.0055	Precision: 52.8736	Recall: 50.5495	F1: 51.6854
2026-03-08 01:26:05,724:INFO: Epoch 61	----Test---- Loss: 0.7812	Accuracy: 50.2646	Precision: 41.5094	Recall: 57.8947	F1: 48.3516
2026-03-08 01:26:07,822:INFO: ----------------------------------------------------------------------------------------------------
2026-03-08 01:26:07,822:INFO: Epoch 62	---Train--- Average Loss:     0.3730	 Patience 49	 Loss:     0.3443	Accuracy: 96.9072	Precision: 94.8107	Recall: 98.8304	f1: 96.779	
2026-03-08 01:26:07,945:INFO: Epoch 62	----Valid---- Loss: 0.7501	Accuracy: 54.0984	Precision: 54.3210	Recall: 48.3516	F1: 51.1628
2026-03-08 01:26:08,071:INFO: Epoch 62	----Test---- Loss: 0.7365	Accuracy: 57.6720	Precision: 47.8723	Recall: 59.2105	F1: 52.9412
2026-03-08 01:26:10,208:INFO: ----------------------------------------------------------------------------------------------------
2026-03-08 01:26:10,209:INFO: Epoch 63	---Train--- Average Loss:     0.3721	 Patience 50	 Loss:     0.3475	Accuracy: 96.9759	Precision: 95.8453	Recall: 97.8070	f1: 96.816	
2026-03-08 01:26:10,331:INFO: Epoch 63	----Valid---- Loss: 0.7620	Accuracy: 53.5519	Precision: 54.0541	Recall: 43.9560	F1: 48.4848
2026-03-08 01:26:10,455:INFO: Epoch 63	----Test---- Loss: 0.7637	Accuracy: 52.9101	Precision: 43.2990	Recall: 55.2632	F1: 48.5549
2026-03-08 01:26:12,797:INFO: ----------------------------------------------------------------------------------------------------
2026-03-08 01:26:12,797:INFO: Epoch 64	---Train--- Average Loss:     0.3731	 Patience 51	 Loss:     0.3463	Accuracy: 96.8385	Precision: 95.5714	Recall: 97.8070	f1: 96.676	
2026-03-08 01:26:12,927:INFO: Epoch 64	----Valid---- Loss: 0.7622	Accuracy: 54.6448	Precision: 55.7143	Recall: 42.8571	F1: 48.4472
2026-03-08 01:26:13,085:INFO: Epoch 64	----Test---- Loss: 0.7286	Accuracy: 55.5556	Precision: 45.4545	Recall: 52.6316	F1: 48.7805
2026-03-08 01:26:15,475:INFO: ----------------------------------------------------------------------------------------------------
2026-03-08 01:26:15,475:INFO: Epoch 65	---Train--- Average Loss:     0.3691	 Patience 52	 Loss:     0.3462	Accuracy: 96.7698	Precision: 95.0495	Recall: 98.2456	f1: 96.621	
2026-03-08 01:26:15,597:INFO: Epoch 65	----Valid---- Loss: 0.7460	Accuracy: 55.7377	Precision: 57.1429	Recall: 43.9560	F1: 49.6894
2026-03-08 01:26:15,722:INFO: Epoch 65	----Test---- Loss: 0.7564	Accuracy: 53.4392	Precision: 43.4783	Recall: 52.6316	F1: 47.6190
2026-03-08 01:26:18,200:INFO: ----------------------------------------------------------------------------------------------------
2026-03-08 01:26:18,200:INFO: Epoch 66	---Train--- Average Loss:     0.3637	 Patience 53	 Loss:     0.3414	Accuracy: 97.2509	Precision: 95.0980	Recall: 99.2690	f1: 97.139	
2026-03-08 01:26:18,322:INFO: Epoch 66	----Valid---- Loss: 0.7550	Accuracy: 53.5519	Precision: 53.4884	Recall: 50.5495	F1: 51.9774
2026-03-08 01:26:18,448:INFO: Epoch 66	----Test---- Loss: 0.7695	Accuracy: 50.7937	Precision: 42.0561	Recall: 59.2105	F1: 49.1803
2026-03-08 01:26:20,640:INFO: ----------------------------------------------------------------------------------------------------
2026-03-08 01:26:20,640:INFO: Epoch 67	---Train--- Average Loss:     0.3648	 Patience 54	 Loss:     0.3432	Accuracy: 96.9759	Precision: 95.5840	Recall: 98.0994	f1: 96.825	
2026-03-08 01:26:20,765:INFO: Epoch 67	----Valid---- Loss: 0.7575	Accuracy: 54.0984	Precision: 54.6667	Recall: 45.0549	F1: 49.3976
2026-03-08 01:26:20,889:INFO: Epoch 67	----Test---- Loss: 0.7420	Accuracy: 56.6138	Precision: 46.6667	Recall: 55.2632	F1: 50.6024
2026-03-08 01:26:23,138:INFO: ----------------------------------------------------------------------------------------------------
2026-03-08 01:26:23,139:INFO: Epoch 68	---Train--- Average Loss:     0.3743	 Patience 55	 Loss:     0.3426	Accuracy: 97.1134	Precision: 94.9580	Recall: 99.1228	f1: 96.996	
2026-03-08 01:26:23,260:INFO: Epoch 68	----Valid---- Loss: 0.7394	Accuracy: 54.0984	Precision: 54.0230	Recall: 51.6484	F1: 52.8090
2026-03-08 01:26:23,384:INFO: Epoch 68	----Test---- Loss: 0.7744	Accuracy: 50.7937	Precision: 42.2018	Recall: 60.5263	F1: 49.7297
2026-03-08 01:26:25,468:INFO: ----------------------------------------------------------------------------------------------------
2026-03-08 01:26:25,468:INFO: Epoch 69	---Train--- Average Loss:     0.3727	 Patience 56	 Loss:     0.3459	Accuracy: 96.7698	Precision: 94.6704	Recall: 98.6842	f1: 96.636	
2026-03-08 01:26:25,590:INFO: Epoch 69	----Valid---- Loss: 0.7511	Accuracy: 53.5519	Precision: 53.4091	Recall: 51.6484	F1: 52.5140
2026-03-08 01:26:25,717:INFO: Epoch 69	----Test---- Loss: 0.7726	Accuracy: 50.7937	Precision: 42.0561	Recall: 59.2105	F1: 49.1803
2026-03-08 01:26:28,113:INFO: ----------------------------------------------------------------------------------------------------
2026-03-08 01:26:28,114:INFO: Epoch 70	---Train--- Average Loss:     0.3728	 Patience 57	 Loss:     0.3435	Accuracy: 97.0447	Precision: 95.2045	Recall: 98.6842	f1: 96.913	
2026-03-08 01:26:28,237:INFO: Epoch 70	----Valid---- Loss: 0.7515	Accuracy: 55.7377	Precision: 56.2500	Recall: 49.4505	F1: 52.6316
2026-03-08 01:26:28,363:INFO: Epoch 70	----Test---- Loss: 0.7642	Accuracy: 51.3228	Precision: 42.3077	Recall: 57.8947	F1: 48.8889
2026-03-08 01:26:30,837:INFO: ----------------------------------------------------------------------------------------------------
2026-03-08 01:26:30,837:INFO: Epoch 71	---Train--- Average Loss:     0.3668	 Patience 58	 Loss:     0.3422	Accuracy: 97.1134	Precision: 95.3390	Recall: 98.6842	f1: 96.983	
2026-03-08 01:26:30,960:INFO: Epoch 71	----Valid---- Loss: 0.7465	Accuracy: 55.1913	Precision: 55.5556	Recall: 49.4505	F1: 52.3256
2026-03-08 01:26:31,086:INFO: Epoch 71	----Test---- Loss: 0.7272	Accuracy: 58.2011	Precision: 48.5149	Recall: 64.4737	F1: 55.3672
2026-03-08 01:26:33,172:INFO: ----------------------------------------------------------------------------------------------------
2026-03-08 01:26:33,172:INFO: Epoch 72	---Train--- Average Loss:     0.3667	 Patience 59	 Loss:     0.3435	Accuracy: 96.9759	Precision: 95.5840	Recall: 98.0994	f1: 96.825	
2026-03-08 01:26:33,294:INFO: Epoch 72	----Valid---- Loss: 0.7595	Accuracy: 55.1913	Precision: 55.8442	Recall: 47.2527	F1: 51.1905
2026-03-08 01:26:33,420:INFO: Epoch 72	----Test---- Loss: 0.7273	Accuracy: 56.6138	Precision: 46.2500	Recall: 48.6842	F1: 47.4359
2026-03-08 01:26:35,515:INFO: ----------------------------------------------------------------------------------------------------
2026-03-08 01:26:35,515:INFO: Epoch 73	---Train--- Average Loss:     0.3647	 Patience 60	 Loss:     0.3397	Accuracy: 97.5258	Precision: 96.1538	Recall: 98.6842	f1: 97.403	
2026-03-08 01:26:35,637:INFO: Epoch 73	----Valid---- Loss: 0.7601	Accuracy: 55.1913	Precision: 55.6962	Recall: 48.3516	F1: 51.7647
2026-03-08 01:26:35,761:INFO: Epoch 73	----Test---- Loss: 0.7597	Accuracy: 53.9683	Precision: 44.2105	Recall: 55.2632	F1: 49.1228
2026-03-08 01:26:38,195:INFO: ----------------------------------------------------------------------------------------------------
2026-03-08 01:26:38,195:INFO: Epoch 74	---Train--- Average Loss:     0.3632	 Patience 61	 Loss:     0.3424	Accuracy: 97.1134	Precision: 95.4674	Recall: 98.5380	f1: 96.978	
2026-03-08 01:26:38,316:INFO: Epoch 74	----Valid---- Loss: 0.7512	Accuracy: 55.1913	Precision: 55.5556	Recall: 49.4505	F1: 52.3256
2026-03-08 01:26:38,440:INFO: Epoch 74	----Test---- Loss: 0.7724	Accuracy: 52.3810	Precision: 43.0000	Recall: 56.5789	F1: 48.8636
2026-03-08 01:26:40,563:INFO: ----------------------------------------------------------------------------------------------------
2026-03-08 01:26:40,563:INFO: Epoch 75	---Train--- Average Loss:     0.3706	 Patience 62	 Loss:     0.3429	Accuracy: 96.8385	Precision: 94.5531	Recall: 98.9766	f1: 96.714	
2026-03-08 01:26:40,686:INFO: Epoch 75	----Valid---- Loss: 0.7567	Accuracy: 53.5519	Precision: 53.4091	Recall: 51.6484	F1: 52.5140
2026-03-08 01:26:40,811:INFO: Epoch 75	----Test---- Loss: 0.7966	Accuracy: 49.7354	Precision: 41.1215	Recall: 57.8947	F1: 48.0874
2026-03-08 01:26:42,884:INFO: ----------------------------------------------------------------------------------------------------
2026-03-08 01:26:42,884:INFO: Epoch 76	---Train--- Average Loss:     0.3646	 Patience 63	 Loss:     0.3389	Accuracy: 97.3883	Precision: 95.3652	Recall: 99.2690	f1: 97.278	
2026-03-08 01:26:43,006:INFO: Epoch 76	----Valid---- Loss: 0.7748	Accuracy: 51.9126	Precision: 51.6484	Recall: 51.6484	F1: 51.6484
2026-03-08 01:26:43,132:INFO: Epoch 76	----Test---- Loss: 0.7737	Accuracy: 51.8519	Precision: 43.3628	Recall: 64.4737	F1: 51.8519
2026-03-08 01:26:45,317:INFO: ----------------------------------------------------------------------------------------------------
2026-03-08 01:26:45,317:INFO: Epoch 77	---Train--- Average Loss:     0.3633	 Patience 64	 Loss:     0.3376	Accuracy: 97.5945	Precision: 95.8982	Recall: 99.1228	f1: 97.484	
2026-03-08 01:26:45,441:INFO: Epoch 77	----Valid---- Loss: 0.7682	Accuracy: 52.4590	Precision: 52.4390	Recall: 47.2527	F1: 49.7110
2026-03-08 01:26:45,567:INFO: Epoch 77	----Test---- Loss: 0.7650	Accuracy: 53.4392	Precision: 43.8776	Recall: 56.5789	F1: 49.4253
2026-03-08 01:26:47,694:INFO: ----------------------------------------------------------------------------------------------------
2026-03-08 01:26:47,695:INFO: Epoch 78	---Train--- Average Loss:     0.3606	 Patience 65	 Loss:     0.3369	Accuracy: 97.7320	Precision: 96.1702	Recall: 99.1228	f1: 97.624	
2026-03-08 01:26:47,816:INFO: Epoch 78	----Valid---- Loss: 0.7549	Accuracy: 54.0984	Precision: 54.4304	Recall: 47.2527	F1: 50.5882
2026-03-08 01:26:47,941:INFO: Epoch 78	----Test---- Loss: 0.7552	Accuracy: 53.9683	Precision: 44.3299	Recall: 56.5789	F1: 49.7110
2026-03-08 01:26:50,035:INFO: ----------------------------------------------------------------------------------------------------
2026-03-08 01:26:50,036:INFO: Epoch 79	---Train--- Average Loss:     0.3643	 Patience 66	 Loss:     0.3378	Accuracy: 97.6632	Precision: 96.0340	Recall: 99.1228	f1: 97.554	
2026-03-08 01:26:50,157:INFO: Epoch 79	----Valid---- Loss: 0.7629	Accuracy: 54.6448	Precision: 55.7143	Recall: 42.8571	F1: 48.4472
2026-03-08 01:26:50,282:INFO: Epoch 79	----Test---- Loss: 0.7333	Accuracy: 56.0847	Precision: 46.0674	Recall: 53.9474	F1: 49.6970
2026-03-08 01:26:52,376:INFO: ----------------------------------------------------------------------------------------------------
2026-03-08 01:26:52,376:INFO: Epoch 80	---Train--- Average Loss:     0.3613	 Patience 67	 Loss:     0.3373	Accuracy: 97.4570	Precision: 95.8865	Recall: 98.8304	f1: 97.336	
2026-03-08 01:26:52,498:INFO: Epoch 80	----Valid---- Loss: 0.7760	Accuracy: 53.0055	Precision: 53.0864	Recall: 47.2527	F1: 50.0000
2026-03-08 01:26:52,626:INFO: Epoch 80	----Test---- Loss: 0.7177	Accuracy: 58.2011	Precision: 48.4848	Recall: 63.1579	F1: 54.8571
2026-03-08 01:26:54,716:INFO: ----------------------------------------------------------------------------------------------------
2026-03-08 01:26:54,716:INFO: Epoch 81	---Train--- Average Loss:     0.3552	 Patience 68	 Loss:     0.3368	Accuracy: 97.7320	Precision: 96.7001	Recall: 98.5380	f1: 97.610	
2026-03-08 01:26:54,837:INFO: Epoch 81	----Valid---- Loss: 0.7635	Accuracy: 55.7377	Precision: 58.0645	Recall: 39.5604	F1: 47.0588
2026-03-08 01:26:54,961:INFO: Epoch 81	----Test---- Loss: 0.7299	Accuracy: 56.0847	Precision: 46.0674	Recall: 53.9474	F1: 49.6970
2026-03-08 01:26:57,081:INFO: ----------------------------------------------------------------------------------------------------
2026-03-08 01:26:57,081:INFO: Epoch 82	---Train--- Average Loss:     0.3564	 Patience 69	 Loss:     0.3402	Accuracy: 97.3883	Precision: 96.6763	Recall: 97.8070	f1: 97.238	
2026-03-08 01:26:57,204:INFO: Epoch 82	----Valid---- Loss: 0.7414	Accuracy: 55.7377	Precision: 57.3529	Recall: 42.8571	F1: 49.0566
2026-03-08 01:26:57,329:INFO: Epoch 82	----Test---- Loss: 0.7325	Accuracy: 56.0847	Precision: 45.5696	Recall: 47.3684	F1: 46.4516
2026-03-08 01:26:59,416:INFO: ----------------------------------------------------------------------------------------------------
2026-03-08 01:26:59,417:INFO: Epoch 83	---Train--- Average Loss:     0.3602	 Patience 70	 Loss:     0.3396	Accuracy: 97.3196	Precision: 95.3586	Recall: 99.1228	f1: 97.204	
2026-03-08 01:26:59,539:INFO: Epoch 83	----Valid---- Loss: 0.7542	Accuracy: 55.7377	Precision: 55.4348	Recall: 56.0440	F1: 55.7377
2026-03-08 01:26:59,665:INFO: Epoch 83	----Test---- Loss: 0.7557	Accuracy: 52.9101	Precision: 43.9252	Recall: 61.8421	F1: 51.3661
2026-03-08 01:27:01,780:INFO: ----------------------------------------------------------------------------------------------------
2026-03-08 01:27:01,780:INFO: Epoch 84	---Train--- Average Loss:     0.3579	 Patience 71	 Loss:     0.3382	Accuracy: 97.5945	Precision: 96.2910	Recall: 98.6842	f1: 97.473	
2026-03-08 01:27:01,903:INFO: Epoch 84	----Valid---- Loss: 0.7763	Accuracy: 53.0055	Precision: 53.5211	Recall: 41.7582	F1: 46.9136
2026-03-08 01:27:02,028:INFO: Epoch 84	----Test---- Loss: 0.7252	Accuracy: 57.6720	Precision: 47.8723	Recall: 59.2105	F1: 52.9412
2026-03-08 01:27:04,164:INFO: ----------------------------------------------------------------------------------------------------
2026-03-08 01:27:04,164:INFO: Epoch 85	---Train--- Average Loss:     0.3550	 Patience 72	 Loss:     0.3343	Accuracy: 97.9381	Precision: 96.8481	Recall: 98.8304	f1: 97.829	
2026-03-08 01:27:04,286:INFO: Epoch 85	----Valid---- Loss: 0.7663	Accuracy: 53.0055	Precision: 53.3333	Recall: 43.9560	F1: 48.1928
2026-03-08 01:27:04,414:INFO: Epoch 85	----Test---- Loss: 0.7012	Accuracy: 58.7302	Precision: 48.8372	Recall: 55.2632	F1: 51.8519
2026-03-08 01:27:06,532:INFO: ----------------------------------------------------------------------------------------------------
2026-03-08 01:27:06,532:INFO: Epoch 86	---Train--- Average Loss:     0.3532	 Patience 73	 Loss:     0.3341	Accuracy: 98.0069	Precision: 96.7190	Recall: 99.1228	f1: 97.906	
2026-03-08 01:27:06,654:INFO: Epoch 86	----Valid---- Loss: 0.7717	Accuracy: 53.0055	Precision: 52.8736	Recall: 50.5495	F1: 51.6854
2026-03-08 01:27:06,779:INFO: Epoch 86	----Test---- Loss: 0.7654	Accuracy: 52.9101	Precision: 43.8095	Recall: 60.5263	F1: 50.8287
2026-03-08 01:27:08,898:INFO: ----------------------------------------------------------------------------------------------------
2026-03-08 01:27:08,898:INFO: Epoch 87	---Train--- Average Loss:     0.3558	 Patience 74	 Loss:     0.3337	Accuracy: 97.9381	Precision: 96.9828	Recall: 98.6842	f1: 97.826	
2026-03-08 01:27:09,020:INFO: Epoch 87	----Valid---- Loss: 0.7650	Accuracy: 53.0055	Precision: 53.4247	Recall: 42.8571	F1: 47.5610
2026-03-08 01:27:09,144:INFO: Epoch 87	----Test---- Loss: 0.7386	Accuracy: 55.5556	Precision: 45.7447	Recall: 56.5789	F1: 50.5882
2026-03-08 01:27:11,375:INFO: ----------------------------------------------------------------------------------------------------
2026-03-08 01:27:11,375:INFO: Epoch 88	---Train--- Average Loss:     0.3563	 Patience 75	 Loss:     0.3334	Accuracy: 97.8694	Precision: 96.3121	Recall: 99.2690	f1: 97.768	
2026-03-08 01:27:11,529:INFO: Epoch 88	----Valid---- Loss: 0.7474	Accuracy: 55.1913	Precision: 55.1724	Recall: 52.7473	F1: 53.9326
2026-03-08 01:27:11,653:INFO: Epoch 88	----Test---- Loss: 0.7432	Accuracy: 55.0265	Precision: 45.5446	Recall: 60.5263	F1: 51.9774
2026-03-08 01:27:13,745:INFO: ----------------------------------------------------------------------------------------------------
2026-03-08 01:27:13,745:INFO: Epoch 89	---Train--- Average Loss:     0.3576	 Patience 76	 Loss:     0.3339	Accuracy: 97.8694	Precision: 96.3121	Recall: 99.2690	f1: 97.768	
2026-03-08 01:27:13,867:INFO: Epoch 89	----Valid---- Loss: 0.7549	Accuracy: 55.7377	Precision: 56.2500	Recall: 49.4505	F1: 52.6316
2026-03-08 01:27:13,993:INFO: Epoch 89	----Test---- Loss: 0.7451	Accuracy: 53.9683	Precision: 44.2105	Recall: 55.2632	F1: 49.1228
2026-03-08 01:27:16,212:INFO: ----------------------------------------------------------------------------------------------------
2026-03-08 01:27:16,212:INFO: Epoch 90	---Train--- Average Loss:     0.3596	 Patience 77	 Loss:     0.3322	Accuracy: 98.0756	Precision: 96.7236	Recall: 99.2690	f1: 97.980	
2026-03-08 01:27:16,333:INFO: Epoch 90	----Valid---- Loss: 0.7611	Accuracy: 54.6448	Precision: 54.8780	Recall: 49.4505	F1: 52.0231
2026-03-08 01:27:16,456:INFO: Epoch 90	----Test---- Loss: 0.7708	Accuracy: 52.9101	Precision: 43.5644	Recall: 57.8947	F1: 49.7175
2026-03-08 01:27:18,548:INFO: ----------------------------------------------------------------------------------------------------
2026-03-08 01:27:18,548:INFO: Epoch 91	---Train--- Average Loss:     0.3552	 Patience 78	 Loss:     0.3325	Accuracy: 98.0069	Precision: 96.7190	Recall: 99.1228	f1: 97.906	
2026-03-08 01:27:18,669:INFO: Epoch 91	----Valid---- Loss: 0.7569	Accuracy: 55.7377	Precision: 57.3529	Recall: 42.8571	F1: 49.0566
2026-03-08 01:27:18,795:INFO: Epoch 91	----Test---- Loss: 0.7721	Accuracy: 51.8519	Precision: 41.7582	Recall: 50.0000	F1: 45.5090
2026-03-08 01:27:21,181:INFO: ----------------------------------------------------------------------------------------------------
2026-03-08 01:27:21,181:INFO: Epoch 92	---Train--- Average Loss:     0.3557	 Patience 79	 Loss:     0.3323	Accuracy: 98.0756	Precision: 96.8571	Recall: 99.1228	f1: 97.977	
2026-03-08 01:27:21,301:INFO: Epoch 92	----Valid---- Loss: 0.7584	Accuracy: 54.0984	Precision: 54.4304	Recall: 47.2527	F1: 50.5882
2026-03-08 01:27:21,427:INFO: Epoch 92	----Test---- Loss: 0.7846	Accuracy: 51.8519	Precision: 42.5743	Recall: 56.5789	F1: 48.5876
2026-03-08 01:27:23,527:INFO: ----------------------------------------------------------------------------------------------------
2026-03-08 01:27:23,527:INFO: Epoch 93	---Train--- Average Loss:     0.3472	 Patience 80	 Loss:     0.3324	Accuracy: 98.2131	Precision: 97.1347	Recall: 99.1228	f1: 98.119	
2026-03-08 01:27:23,649:INFO: Epoch 93	----Valid---- Loss: 0.7662	Accuracy: 54.0984	Precision: 54.2169	Recall: 49.4505	F1: 51.7241
2026-03-08 01:27:23,776:INFO: Epoch 93	----Test---- Loss: 0.7658	Accuracy: 54.4974	Precision: 44.8980	Recall: 57.8947	F1: 50.5747
2026-03-08 01:27:25,891:INFO: ----------------------------------------------------------------------------------------------------
2026-03-08 01:27:25,891:INFO: Epoch 94	---Train--- Average Loss:     0.3520	 Patience 81	 Loss:     0.3301	Accuracy: 98.3505	Precision: 97.1429	Recall: 99.4152	f1: 98.266	
2026-03-08 01:27:26,012:INFO: Epoch 94	----Valid---- Loss: 0.7597	Accuracy: 55.7377	Precision: 56.0976	Recall: 50.5495	F1: 53.1792
2026-03-08 01:27:26,142:INFO: Epoch 94	----Test---- Loss: 0.7598	Accuracy: 54.4974	Precision: 45.0000	Recall: 59.2105	F1: 51.1364
2026-03-08 01:27:28,299:INFO: ----------------------------------------------------------------------------------------------------
2026-03-08 01:27:28,299:INFO: Epoch 95	---Train--- Average Loss:     0.3480	 Patience 82	 Loss:     0.3305	Accuracy: 98.2818	Precision: 97.1388	Recall: 99.2690	f1: 98.192	
2026-03-08 01:27:28,422:INFO: Epoch 95	----Valid---- Loss: 0.7492	Accuracy: 56.8306	Precision: 58.3333	Recall: 46.1538	F1: 51.5337
2026-03-08 01:27:28,550:INFO: Epoch 95	----Test---- Loss: 0.7380	Accuracy: 56.6138	Precision: 46.9388	Recall: 60.5263	F1: 52.8736
2026-03-08 01:27:30,813:INFO: ----------------------------------------------------------------------------------------------------
2026-03-08 01:27:30,813:INFO: Epoch 96	---Train--- Average Loss:     0.3490	 Patience 83	 Loss:     0.3310	Accuracy: 98.2131	Precision: 97.0000	Recall: 99.2690	f1: 98.121	
2026-03-08 01:27:30,936:INFO: Epoch 96	----Valid---- Loss: 0.7619	Accuracy: 54.6448	Precision: 55.2632	Recall: 46.1538	F1: 50.2994
2026-03-08 01:27:31,061:INFO: Epoch 96	----Test---- Loss: 0.7225	Accuracy: 58.2011	Precision: 48.4211	Recall: 60.5263	F1: 53.8012
2026-03-08 01:27:33,400:INFO: ----------------------------------------------------------------------------------------------------
2026-03-08 01:27:33,400:INFO: Epoch 97	---Train--- Average Loss:     0.3493	 Patience 84	 Loss:     0.3310	Accuracy: 98.1443	Precision: 97.2662	Recall: 98.8304	f1: 98.042	
2026-03-08 01:27:33,522:INFO: Epoch 97	----Valid---- Loss: 0.7429	Accuracy: 56.8306	Precision: 58.5714	Recall: 45.0549	F1: 50.9317
2026-03-08 01:27:33,647:INFO: Epoch 97	----Test---- Loss: 0.7745	Accuracy: 52.9101	Precision: 43.0108	Recall: 52.6316	F1: 47.3373
2026-03-08 01:27:35,761:INFO: ----------------------------------------------------------------------------------------------------
2026-03-08 01:27:35,761:INFO: Epoch 98	---Train--- Average Loss:     0.3460	 Patience 85	 Loss:     0.3333	Accuracy: 98.0069	Precision: 96.9871	Recall: 98.8304	f1: 97.900	
2026-03-08 01:27:35,884:INFO: Epoch 98	----Valid---- Loss: 0.7694	Accuracy: 53.5519	Precision: 54.0541	Recall: 43.9560	F1: 48.4848
2026-03-08 01:27:36,010:INFO: Epoch 98	----Test---- Loss: 0.7110	Accuracy: 59.7884	Precision: 50.0000	Recall: 53.9474	F1: 51.8987
2026-03-08 01:27:38,148:INFO: ----------------------------------------------------------------------------------------------------
2026-03-08 01:27:38,148:INFO: Epoch 99	---Train--- Average Loss:     0.3527	 Patience 86	 Loss:     0.3293	Accuracy: 98.4192	Precision: 97.2818	Recall: 99.4152	f1: 98.337	
2026-03-08 01:27:38,269:INFO: Epoch 99	----Valid---- Loss: 0.7271	Accuracy: 59.0164	Precision: 60.0000	Recall: 52.7473	F1: 56.1404
2026-03-08 01:27:38,395:INFO: Epoch 99	----Test---- Loss: 0.7795	Accuracy: 51.8519	Precision: 42.5743	Recall: 56.5789	F1: 48.5876
2026-03-08 01:27:40,495:INFO: ----------------------------------------------------------------------------------------------------
2026-03-08 01:27:40,495:INFO: Epoch 100	---Train--- Average Loss:     0.3435	 Patience 87	 Loss:     0.3287	Accuracy: 98.3505	Precision: 97.1429	Recall: 99.4152	f1: 98.266	
2026-03-08 01:27:40,618:INFO: Epoch 100	----Valid---- Loss: 0.7573	Accuracy: 54.0984	Precision: 54.1176	Recall: 50.5495	F1: 52.2727
2026-03-08 01:27:40,745:INFO: Epoch 100	----Test---- Loss: 0.7755	Accuracy: 51.8519	Precision: 43.1193	Recall: 61.8421	F1: 50.8108
2026-03-08 01:27:40,745:INFO: Finish training!
2026-03-08 01:27:40,751:INFO: ####################################################################################################
2026-03-08 01:27:40,752:INFO: Test result
2026-03-08 01:27:40,878:INFO: models/devign/DevignModel	----Test---- Loss: 0.6924	Accuracy: 53.9683	Precision: 45.6693	Recall: 76.3158	F1: 57.1429
